Step 1 : Install Laravel Framework
$ composer create-project --prefer-dist laravel/laravel _laravue

Step 2 : Initialise Git, Commit and push repository to github
$ git remote add origin https://github.com/developer6969/larapass.git
$ git push -u origin master

Step 3: Config database & run Migration
First create a new db at localhost/phpmyadmin, and then open .env file :
# DB_DATABASE=larapass_db
# DB_USERNAME=root
# DB_PASSWORD=
Second update config/database.php/connections/mysql :
# 'engine' => "InnoDB",

Step 4: Debug "SQLSTATE[42000]: Syntax error or access violation"
Add in App\Providers\AppServiceProvider
# use Illuminate\Support\Facades\Schema;
# Schema::defaultStringLength(191);

Step 4 : Passport Instalation
 $ composer require laravel/passport
 $ php artisan migrate
 $ php artisan passport:install

Step 5 : Passport Configuration
In this step, we have to configuration on three place model, service provider and auth config file.
So you have to just following change on that file.
- In model we added HasApiTokens class of Passport,
- In AuthServiceProvider we added "Passport::routes()",
- In auth.php, we added api auth configuration.

Step 6 : Create Register Controller
$ php artisan make:controller Api/Auth/RegisterController

Step 7 : Register 'RegisterController' in route/api.php
# Route::post('register', 'Api/Auth/RegisterController@register');

Step 8 : Create Login Controller
$ php artisan make:controller Api/Auth/LoginController

Step 9 : Create Post Model
$ php artisan make:model Post -m
# Step database relation in User.php & Post.php
# Run Migration
# User Tinker to generate few posts

Create Post Controller
$ php artisan make:controller Api/PostController
# Create index function in controller
# Add api route for post controller index function

Test on Postmen
# GET : http://127.0.0.1:8000/api/posts
# Header :
    Accept : application/json
    Authorization : Bearer mjfdaf54dfd5f418sd74f56sd4f
# Response
{
    "data": [
        {
            "id": 1,
            "title": "First Post",
            "body": "Im a simple description",
            "user_id": 2,
            "created_at": "2019-05-25 20:13:07",
            "updated_at": "2019-05-25 20:14:14"
        },
        {
            "id": 2,
            "title": "Second Post",
            "body": "Im a simple description for second post",
            "user_id": 2,
            "created_at": "2019-05-25 20:15:01",
            "updated_at": "2019-05-25 20:15:01"
        }
    ]
}

